// Jest Snapshot v1, https://goo.gl/fbAQLP

exports[`renders SearchForm correctly 1`] = `
<div>
  <form>
    <input
      placeholder="Search term"
      type="text"
      value=""
    />
    <select>
      <option
        value="all"
      >
        All
      </option>
      <option
        value="movie"
      >
        Movie
      </option>
      <option
        value="podcast"
      >
        Podcast
      </option>
      <option
        value="music"
      >
        Music
      </option>
      <option
        value="audiobook"
      >
        Audiobook
      </option>
      <option
        value="shortFilm"
      >
        Short Film
      </option>
      <option
        value="tvShow"
      >
        TV Show
      </option>
      <option
        value="software"
      >
        Software
      </option>
      <option
        value="ebook"
      >
        Ebook
      </option>
    </select>
    <button
      type="submit"
    >
      Search
    </button>
  </form>
</div>
`;
